2016-05-03 17:07:22 [scrapy] DEBUG: Crawled (200) <GET http://www.kaolafm.com/webapi//broadcast/programlist?_t=1.46226622717e+12&broadcastid=1600000000601&date=2016-05-03> (referer: http://www.kaolafm.com/webapi/broadcast/search?classifyid=2&area=8&pagenum=1&pagesize=24&_=1.46226592319e+12)
2016-05-03 17:07:23 [scrapy] DEBUG: Crawled (200) <GET http://www.kaolafm.com/webapi//broadcast/programlist?_t=1.46226622717e+12&broadcastid=1600000000630&date=2016-05-03> (referer: http://www.kaolafm.com/webapi/broadcast/search?classifyid=2&area=8&pagenum=1&pagesize=24&_=1.46226592319e+12)
2016-05-03 17:07:24 [scrapy] INFO: Closing spider (finished)
2016-05-03 17:07:24 [scrapy] INFO: Stored json feed (6882 items) in: /var/crawler/raw_data/kaolaEPG.json
2016-05-03 17:07:24 [scrapy] INFO: Dumping Scrapy stats:
{'downloader/request_bytes': 227847,
 'downloader/request_count': 427,
 'downloader/request_method_count/GET': 427,
 'downloader/response_bytes': 799168,
 'downloader/response_count': 427,
 'downloader/response_status_count/200': 427,
 'finish_reason': 'finished',
 'finish_time': datetime.datetime(2016, 5, 3, 9, 7, 24, 34782),
 'item_scraped_count': 6882,
 'log_count/DEBUG': 7310,
 'log_count/INFO': 16,
 'request_depth_max': 3,
 'response_received_count': 427,
 'scheduler/dequeued': 427,
 'scheduler/dequeued/memory': 427,
 'scheduler/enqueued': 427,
 'scheduler/enqueued/memory': 427,
 'start_time': datetime.datetime(2016, 5, 3, 8, 58, 42, 954245)}
2016-05-03 17:07:24 [scrapy] INFO: Spider closed (finished)